================================================================================
Traceback (most recent call last):
  File "C:\Users\chani\app\test_backoffice_data.py", line 18, in <module>
    print("\U0001f9ea \u0e17\u0e14\u0e2a\u0e2d\u0e1a\u0e01\u0e32\u0e23\u0e08\u0e31\u0e14\u0e17\u0e23\u0e34\u0e1b\u0e14\u0e49\u0e27\u0e22\u0e44\u0e1f\u0e25\u0e4c\u0e2b\u0e25\u0e31\u0e07\u0e1a\u0e49\u0e32\u0e19")
    ~~~~~^^^^^^^^^^^^^^^^^^^^^^^^^^^^^^^^^^^^^^
  File "C:\Users\chani\AppData\Local\Programs\Python\Python313\Lib\encodings\cp1252.py", line 19, in encode
    return codecs.charmap_encode(input,self.errors,encoding_table)[0]
           ~~~~~~~~~~~~~~~~~~~~~^^^^^^^^^^^^^^^^^^^^^^^^^^^^^^^^^^
UnicodeEncodeError: 'charmap' codec can't encode character '\U0001f9ea' in position 0: character maps to <undefined>
